[360digital.in/index.html]
[backblue.gif]
[fade.gif]
[index.html]
[cdnjs.cloudflare.com/ajax/libs/font-awesome/4.7.0/css/font-awesome.min.css]
[360digital.in/js/jquery-1.7.2.min.js]
[360digital.in/js/superfish-modified.js]
[360digital.in/index-2.html]
[360digital.in/images/logo.png]
[360digital.in/who-we-are.html]
[360digital.in/services.html]
[360digital.in/gallery.html]
[360digital.in/show-reel.html]
[360digital.in/contact.html]
[360digital.in/js/nivo.slider.js]
[360digital.in/images/slide_00.jpg]
[360digital.in/images/slide_01.jpg]
[360digital.in/images/slide_02.jpg]
[360digital.in/images/slide_03.jpg]
[360digital.in/images/slide_04.jpg]
[360digital.in/images/slide_05.jpg]
[360digital.in/images/slide_06.jpg]
[360digital.in/images/slide_08.jpg]
[360digital.in/images/slide_09.jpg]
[360digital.in/images/slide_10.jpg]
[360digital.in/images/slide_11.jpg]
[360digital.in/complete.html]
[360digital.in/images/patasu1.jpg]
[360digital.in/ongoing.html]
[360digital.in/images/my dear lisa.jpg]
[360digital.in/future.html]
[360digital.in/images/vivasayi.jpg]
[360digital.in/gallery/v1.jpg]
[360digital.in/gallery/v2.jpg]
[360digital.in/gallery/1.jpg]
[360digital.in/multi-gallery/photo-2.jpg]
[360digital.in/multi-gallery/photo1.jpg]
[360digital.in/photo.html]
[360digital.in/images/5px-empty.png]
[360digital.in/images/news1.jpg]
[360digital.in/images/news2.jpg]
[360digital.in/images/news3.jpg]
[360digital.in/js/jquery.ui.core.min.js]
[360digital.in/js/jquery.ui.widget.min.js]
[360digital.in/js/jquery.ui.rlightbox.js]
[360digital.in/index.html]
[cdnjs.cloudflare.com/ajax/libs/font-awesome/4.7.0/css/font-awesome.min.css]
[360digital.in/images/body.jpg]
[360digital.in/images/bottom.jpg]
[360digital.in/images/cur-arrow.gif]
[360digital.in/images/search.gif]
[360digital.in/images/cart.jpg]
[360digital.in/images/marker1.jpg]
[360digital.in/images/topmenu_arrows.png]
[360digital.in/images/bnt1.png]
[360digital.in/images/prev.png]
[360digital.in/images/next.png]
[360digital.in/images/prev-next.jpg]
[360digital.in/css/global.css]
[360digital.in/css/style.css]
[360digital.in/images/abt-img.png]
[360digital.in/images/service-vfx.png]
[360digital.in/css/global-1.css]
[360digital.in/index-2.html]
[360digital.in/who-we-are.html]
[360digital.in/light/js/prettify.js]
[360digital.in/light/js/jquery.titanlighbox.js]
[360digital.in/light/js/buttons.js]
[360digital.in/images/ser-main.jpg]
[360digital.in/light/photo.jpg]
[360digital.in/light/4.jpg]
[360digital.in/images/ser-edit.jpg]
[360digital.in/light/edit.jpg]
[360digital.in/light/edit1.jpg]
[360digital.in/light/edit2.jpg]
[360digital.in/images/ser-vfx.jpg]
[360digital.in/light/vfx.jpg]
[360digital.in/light/vfx1.jpg]
[360digital.in/images/ser-aud.jpg]
[360digital.in/light/audio1.jpg]
[360digital.in/light/audio2.jpg]
[360digital.in/light/audio3.jpg]
[360digital.in/light/audio4.jpg]
[360digital.in/light/audio5.jpg]
[360digital.in/images/ser-pho.jpg]
[360digital.in/light/photo-2.jpg]
[360digital.in/light/photo1.jpg]
[360digital.in/light/photo2.jpg]
[360digital.in/light/photo3.jpg]
[360digital.in/images/ser-cli.jpg]
[360digital.in/light/ad.jpg]
[360digital.in/light/ad1.jpg]
[360digital.in/videos/Cure_Fit.mp4]
[360digital.in/services.html]
[360digital.in/multi-gallery/jquery.min.js]
[360digital.in/multi-gallery/plugins.js]
[360digital.in/multi-gallery/script.js]
[360digital.in/tabs/js/jquery.isotope.min.js]
[360digital.in/tabs/js/jquery.fancybox-1.3.4.pack.js]
[360digital.in/tabs/js/script.js]
[360digital.in/multi-gallery/PODHU NALAN KARUTHI.jpg]
[360digital.in/multi-gallery/pandigai.jpg]
[360digital.in/multi-gallery/billa pandi.jpg]
[360digital.in/multi-gallery/Ayogya.jpg]
[360digital.in/multi-gallery/kavaathu_1.jpg]
[360digital.in/multi-gallery/kavaathu.jpg]
[360digital.in/multi-gallery/vandhaamala_1.jpg]
[360digital.in/multi-gallery/vandhaamala.jpg]
[360digital.in/multi-gallery/sanguchakkaram_1.jpg]
[360digital.in/multi-gallery/sanguchakkaram.jpg]
[360digital.in/multi-gallery/thapputhanda.jpg]
[360digital.in/multi-gallery/kodi_1.jpg]
[360digital.in/multi-gallery/kodi.jpg]
[360digital.in/multi-gallery/balloon_1.jpg]
[360digital.in/multi-gallery/balloon.jpg]
[360digital.in/multi-gallery/kalari_2b.jpg]
[360digital.in/multi-gallery/kalari_.jpg]
[360digital.in/multi-gallery/ VZALGA VIVASAYE.jpg]
[360digital.in/multi-gallery/SAALAI.jpg]
[360digital.in/multi-gallery/ARUVA SANDA.jpg]
[360digital.in/multi-gallery/varunan.jpg]
[360digital.in/multi-gallery/My_dear_lisha_1.jpg]
[360digital.in/multi-gallery/my_dear_lisa.jpg]
[360digital.in/multi-gallery/Kazhugu_2_b.jpg]
[360digital.in/multi-gallery/kazhaku_2_.jpg]
[360digital.in/multi-gallery/Sandakozhi-2-b.jpg]
[360digital.in/multi-gallery/sandakozhi_2_.jpg]
[360digital.in/multi-gallery/odavum_mudiyathu.jpg]
[360digital.in/multi-gallery/omom_.jpg]
[360digital.in/multi-gallery/asp_1.jpg]
[360digital.in/multi-gallery/asp.jpg]
[360digital.in/multi-gallery/jgsr_1.jpg]
[360digital.in/multi-gallery/jgsr.jpg]
[360digital.in/multi-gallery/rum_1.jpg]
[360digital.in/multi-gallery/rum.jpg]
[360digital.in/multi-gallery/marudu_1.jpg]
[360digital.in/multi-gallery/marudu.jpg]
[360digital.in/multi-gallery/devadass_1.jpg]
[360digital.in/multi-gallery/devadass.jpg]
[360digital.in/multi-gallery/pnp_1.jpg]
[360digital.in/multi-gallery/pnp.jpg]
[360digital.in/multi-gallery/kathakali_1.jpg]
[360digital.in/multi-gallery/kathakali.jpg]
[360digital.in/multi-gallery/kirumi_1.jpg]
[360digital.in/multi-gallery/kirumi.jpg]
[360digital.in/multi-gallery/paayumpuli_1.jpg]
[360digital.in/multi-gallery/paayumpuli.jpg]
[360digital.in/multi-gallery/yagavarayinumnaakaaka_1.jpg]
[360digital.in/multi-gallery/yagavarayinumnaakaaka.jpg]
[360digital.in/multi-gallery/sigaramthodu_1.jpg]
[360digital.in/multi-gallery/sigaramthodu.jpg]
[360digital.in/multi-gallery/kannapinna.jpg]
[360digital.in/multi-gallery/anjaan_1.jpg]
[360digital.in/multi-gallery/anjaan.jpg]
[360digital.in/multi-gallery/13.jpg]
[360digital.in/multi-gallery/jeeva_1.jpg]
[360digital.in/multi-gallery/jeeva.jpg]
[360digital.in/multi-gallery/vidayutham_1.jpg]
[360digital.in/multi-gallery/vidayutham.jpg]
[360digital.in/multi-gallery/patra_1.jpg]
[360digital.in/multi-gallery/patra.jpg]
[360digital.in/multi-gallery/lodukkupandi_1.jpg]
[360digital.in/multi-gallery/lodukkupandi.jpg]
[360digital.in/multi-gallery/kathamkatham_1.jpg]
[360digital.in/multi-gallery/kathamkatham.jpg]
[360digital.in/multi-gallery/kadhasollaporom_1.jpg]
[360digital.in/multi-gallery/kadhasollaporom.jpg]
[360digital.in/multi-gallery/valiyavan_1.jpg]
[360digital.in/multi-gallery/valiyavan.jpg]
[360digital.in/multi-gallery/com-15.jpg]
[360digital.in/multi-gallery/12.jpg]
[360digital.in/multi-gallery/anegan_1.jpg]
[360digital.in/multi-gallery/anegan.jpg]
[360digital.in/multi-gallery/11.jpg]
[360digital.in/multi-gallery/com-30.jpg]
[360digital.in/multi-gallery/com-3.jpg]
[360digital.in/multi-gallery/manjal_kum_1.jpg]
[360digital.in/multi-gallery/manjal_kum.jpg]
[360digital.in/multi-gallery/com.jpg]
[360digital.in/multi-gallery/com-1.jpg]
[360digital.in/multi-gallery/com-10.jpg]
[360digital.in/multi-gallery/com-2.jpg]
[360digital.in/multi-gallery/kur.jpg]
[360digital.in/multi-gallery/com-4.jpg]
[360digital.in/multi-gallery/com-5.jpg]
[360digital.in/multi-gallery/com-6.jpg]
[360digital.in/multi-gallery/com-7.jpg]
[360digital.in/multi-gallery/com-8.jpg]
[360digital.in/multi-gallery/com-9.jpg]
[360digital.in/multi-gallery/com-11.jpg]
[360digital.in/multi-gallery/com-12.jpg]
[360digital.in/multi-gallery/com-13.jpg]
[360digital.in/multi-gallery/com-14.jpg]
[360digital.in/multi-gallery/ivan.jpg]
[360digital.in/multi-gallery/1.jpg]
[360digital.in/multi-gallery/3.jpg]
[360digital.in/multi-gallery/VEZHAM.jpg]
[360digital.in/multi-gallery/vezham1.jpg]
[360digital.in/multi-gallery/patasu.jpg]
[360digital.in/multi-gallery/patasu2.jpg]
[360digital.in/multi-gallery/Edhirvinaiyaatru.jpg]
[360digital.in/multi-gallery/ethir.jpg]
[360digital.in/multi-gallery/dicklona.jpg]
[360digital.in/multi-gallery/dikkolna.jpg]
[360digital.in/multi-gallery/Kuruthi-Aattam.jpg]
[360digital.in/multi-gallery/kuruthi.jpg]
[360digital.in/gallery.html]
[360digital.in/gallery/jquery.min.js]
[360digital.in/gallery/bkgslide.js]
[360digital.in/gallery/jquery.jcarousel.pack.js]
[360digital.in/forum-2.html]
[360digital.in/vfx.html]
[360digital.in/comm.html]
[360digital.in/audio.html]
[360digital.in/edit.html]
[360digital.in/show-reel.html]
[360digital.in/contact.html]
[360digital.in/complete.html]
[360digital.in/ongoing.html]
[360digital.in/future.html]
[360digital.in/gallery/2.jpg]
[360digital.in/multi-gallery/360.jpg]
[360digital.in/multi-gallery/photo-3.jpg]
[360digital.in/multi-gallery/photo2.jpg]
[360digital.in/multi-gallery/photo-4.jpg]
[360digital.in/multi-gallery/photo3.jpg]
[360digital.in/multi-gallery/photo-1.jpg]
[360digital.in/multi-gallery/photo.jpg]
[360digital.in/multi-gallery/8.jpg]
[360digital.in/multi-gallery/9.jpg]
[360digital.in/multi-gallery/10.jpg]
[360digital.in/photo.html]
[360digital.in/images/ui-bg_highlight-soft_100_eeeeee_1x100.png]
[360digital.in/images/ui-bg_gloss-wave_35_f6a828_500x100.png]
[360digital.in/images/ui-icons_ffffff_256x240.png]
[360digital.in/images/ui-icons_228ef1_256x240.png]
[360digital.in/images/ui-bg_diagonals-thick_20_666666_40x40.png]
[360digital.in/css/jquery-ui-1.8.16.custom.css]
[360digital.in/css/lightbox.min.css]
[360digital.in/css/grid_prestashop.html]
[360digital.in/images/icon/delete.html]
[360digital.in/images/topmenu_search.html]
[360digital.in/images/bullet.html]
[360digital.in/images/categories_minus.html]
[360digital.in/images/categories_plus.html]
[360digital.in/images/slider_item.html]
[360digital.in/images/slider_item_active.html]
[360digital.in/modules/blockreinsurance/images/bg_reinsurance_block.html]
[360digital.in/images/social_fb.html]
[360digital.in/images/social_twi.html]
[360digital.in/images/social_rss.html]
[360digital.in/images/icon/pipe.html]
[360digital.in/images/icon-sub.html]
[360digital.in/images/product_view.html]
[360digital.in/images/arrow_thumbs.html]
[360digital.in/images/gradient_light.html]
[360digital.in/images/icon_view.html]
[360digital.in/images/icon_print.html]
[360digital.in/images/icon_fb.html]
[360digital.in/images/icon_mail.html]
[360digital.in/images/icon_fav.html]
[360digital.in/images/bullet_arrow.html]
[360digital.in/images/star.html]
[360digital.in/images/bullet_alt.html]
[360digital.in/images/sitemap_top.html]
[360digital.in/images/sitemap_horizontal.html]
[360digital.in/images/sitemap_last.html]
[360digital.in/images/login-content-left.html]
[360digital.in/images/login-content-right.html]
[360digital.in/images/order_steps.html]
[360digital.in/light/images/lightbox_loading.gif]
[360digital.in/light/images/lightbox_overlay.png]
[360digital.in/light/images/skin-alt/lightbox_close.png]
[360digital.in/light/images/skin-alt/lightbox_left.png]
[360digital.in/light/images/skin-alt/lightbox_right.png]
[360digital.in/light/images/skin-alt/button_prev.png]
[360digital.in/light/images/skin-alt/button_next.png]
[360digital.in/light/images/skin-alt/button_play.png]
[360digital.in/light/images/skin-alt/button_pause.png]
[360digital.in/light/css/jquery.titanlighbox.css]
[360digital.in/multi-gallery/images/icon-container.png]
[360digital.in/multi-gallery/images/video-icon.png]
[360digital.in/multi-gallery/images/photo-icon.png]
[360digital.in/multi-gallery/images/sprite.png]
[360digital.in/multi-gallery/images/sprite_x.png]
[360digital.in/multi-gallery/images/sprite_y.png]
[360digital.in/multi-gallery/images/sprite_next.png]
[360digital.in/multi-gallery/images/sprite_prev.png]
[360digital.in/multi-gallery/images/loader.gif]
[360digital.in/multi-gallery/images/btnNext.png]
[360digital.in/multi-gallery/images/btnPrevious.png]
[360digital.in/multi-gallery/images/contentPattern.png]
[360digital.in/multi-gallery/style.css]
[360digital.in/tabs/css/tabs.css]
[360digital.in/multi-gallery/thapputhanda_1.html]
[360digital.in/multi-gallery/kannapinna_1.html]
[360digital.in/gallery/effect.css]
[360digital.in/gallery/menu.html]
[360digital.in/gallery/img/leftarrow.png]
[360digital.in/gallery/jquery.jcarousel.css]
[360digital.in/images/face-img.jpg]
[360digital.in/forum-2.html]
[360digital.in/vfx.html]
[360digital.in/comm.html]
[360digital.in/audio.html]
[360digital.in/edit.html]
[360digital.in/multi-gallery/kirumijpg.html]
[360digital.in/images/ui-bg_glass_100_f6f6f6_1x400.html]
[360digital.in/images/ui-bg_glass_100_fdf5ce_1x400.html]
[360digital.in/images/ui-bg_glass_65_ffffff_1x400.html]
[360digital.in/images/ui-bg_highlight-soft_75_ffe45c_1x100.html]
[360digital.in/images/ui-bg_diagonals-thick_18_b81900_40x40.html]
[360digital.in/images/ui-icons_222222_256x240.html]
[360digital.in/images/ui-icons_ef8c08_256x240.html]
[360digital.in/images/ui-icons_ffd27a_256x240.html]
[360digital.in/images/ui-bg_flat_10_000000_40x100.html]
[360digital.in/css/panorama.html]
[360digital.in/css/loader.html]
[360digital.in/css/error_bg.html]
[360digital.in/css/error_sign.html]
[360digital.in/light/images/skin-default/lightbox_close.html]
[360digital.in/light/images/skin-default/lightbox_left.html]
[360digital.in/light/images/skin-default/lightbox_right.html]
[360digital.in/light/images/skin-default/button_prev.html]
[360digital.in/light/images/skin-default/button_prev_hover.html]
[360digital.in/light/images/skin-default/button_next.html]
[360digital.in/light/images/skin-default/button_next_hover.html]
[360digital.in/light/images/skin-default/button_play.html]
[360digital.in/light/images/skin-default/button_play_hover.html]
[360digital.in/light/images/skin-default/button_pause.html]
[360digital.in/light/images/skin-default/button_pause_hover.html]
[360digital.in/multi-gallery/images/page-icon1.html]
[360digital.in/multi-gallery/images/arrows.html]
[360digital.in/multi-gallery/images/plus.html]
[360digital.in/multi-gallery/images/white-opacity-80.html]
[360digital.in/multi-gallery/images/bullets.html]
[360digital.in/multi-gallery/images/arrows-small.html]
[360digital.in/images/default.html]
[360digital.in/multi-gallery/images/nav.html]
[360digital.in/multi-gallery/images/nav_active.html]
[360digital.in/multi-gallery/images/arrows-new.html]
[360digital.in/multi-gallery/images/tabNavigation-bg.html]
[360digital.in/multi-gallery/images/default_thumb.html]
[360digital.in/multi-gallery/images/prettyPhoto/facebook/contentPatternTop.html]
[360digital.in/multi-gallery/images/prettyPhoto/facebook/sprite.html]
[360digital.in/multi-gallery/images/prettyPhoto/facebook/contentPatternLeft.html]
[360digital.in/multi-gallery/images/prettyPhoto/facebook/contentPatternRight.html]
[360digital.in/multi-gallery/images/prettyPhoto/facebook/loader.html]
[360digital.in/multi-gallery/images/prettyPhoto/facebook/btnNext.html]
[360digital.in/multi-gallery/images/prettyPhoto/facebook/btnPrevious.html]
[360digital.in/multi-gallery/images/prettyPhoto/facebook/contentPatternBottom.html]
[360digital.in/multi-gallery/images/prettyPhoto/facebook/default_thumbnail.html]
[360digital.in/multi-gallery/images/prettyPhoto/light_rounded/btnNext.html]
[360digital.in/multi-gallery/images/prettyPhoto/light_rounded/loader.html]
[360digital.in/multi-gallery/images/prettyPhoto/dark_rounded/contentPattern.html]
[360digital.in/tabs/images/view.html]
[360digital.in/images/abt-us-n.html]
[360digital.in/images/shwreel-n.html]
[360digital.in/images/srvc-n.html]
[360digital.in/images/cntcus-n.html]
[360digital.in/images/tech_n.html]
[360digital.in/images/abt-us-h.html]
[360digital.in/images/client-h.html]
[360digital.in/images/shwreel-h.html]
[360digital.in/images/srvc-h.html]
[360digital.in/images/cntcus-h.html]
[360digital.in/images/tech_title.html]
[360digital.in/images/service-tab.html]
[360digital.in/images/contact-title.html]
[360digital.in/images/about-tittle.html]
[360digital.in/images/clients-title.html]
[360digital.in/images/headbox.html]
[360digital.in/images/white-roll.html]
[360digital.in/images/color-roll.html]
[360digital.in/images/blockspot.html]
[360digital.in/images/login/namebg.html]
[360digital.in/images/login/email.html]
[360digital.in/images/login/companybg.html]
[360digital.in/images/login/contacusbg.html]
[360digital.in/images/login/textboxbg.html]
[360digital.in/forum.html]
[360digital.in/images/tech_h.png]
[360digital.in/images/showreel-title.png]
